../Core/Src/main.c:83:6:HAL_UART_RxCpltCallback	16	static
../Core/Src/main.c:102:6:process_command	80	static
../Core/Src/main.c:118:6:UART_SendString	16	static
../Core/Src/main.c:127:5:main	8	static
../Core/Src/main.c:206:6:SystemClock_Config	96	static
../Core/Src/main.c:256:13:MX_SAI1_Init	8	static
../Core/Src/main.c:304:13:MX_SDMMC1_SD_Init	4	static
../Core/Src/main.c:333:13:MX_USART2_UART_Init	8	static
../Core/Src/main.c:366:13:MX_DMA_Init	16	static
../Core/Src/main.c:384:13:MX_GPIO_Init	48	static
../Core/Src/main.c:442:6:HAL_SAI_RxCpltCallback	16	static
../Core/Src/main.c:448:6:HAL_SAI_RxHalfCpltCallback	16	static
../Core/Src/main.c:456:6:StartRecording	16	static
../Core/Src/main.c:465:6:StopRecording	8	static
../Core/Src/main.c:472:6:SendCurrentStatus	8	static
../Core/Src/main.c:480:6:IndicateInvalidCommand	8	static
../Core/Src/main.c:483:5:_write	24	static
../Core/Src/main.c:495:6:Error_Handler	4	static,ignoring_inline_asm
